Received: from (unknown) by mx.flare.email; some-time
Received: from localhost ([127.0.0.1] helo=lists.csail.mit.edu)
	by lists.csail.mit.edu with esmtp (Exim 4.72)
	(envelope-from <peg-bounces@lists.csail.mit.edu>)
	id 1WoyJ7-0000pC-42; Mon, 26 May 2014 13:03:29 -0400
Received: from mail-ve0-f181.google.com ([209.85.128.181])
	by lists.csail.mit.edu with esmtp (Exim 4.72)
	(envelope-from <sqmedeiros@gmail.com>) id 1WoyJ1-0000oy-NL
	for peg@lists.csail.mit.edu; Mon, 26 May 2014 13:03:27 -0400
Received: by mail-ve0-f181.google.com with SMTP id pa12so9378972veb.40
	for <peg@lists.csail.mit.edu>; Mon, 26 May 2014 10:03:22 -0700 (PDT)
DKIM-Signature: v=1; a=rsa-sha256; c=relaxed/relaxed; d=gmail.com; s=20120113;
	h=mime-version:in-reply-to:references:date:message-id:subject:from:to
	:cc:content-type:content-transfer-encoding;
	bh=+fV0RMaXW9spMXS8Dshc2UXeLnC7t9jCCZ/VdiGMLq8=;
	b=QtBU+0ydysMetEOfv13DF0/yL+CXwdpaTMIYvTqe2YeS0POCfUHbEzIMEnbwLCvDn4
	KFOtoSGgWFn6aXYc176Yc5R9hjmUwF5c8uEezx2kcK1zh4UpNo6Aznx/YP7Oy7u/FUlo
	n4CsCMhBwV2DDaYPHaB23FxNuEeIewXIW6h8qnONP6xf8srme7+cH2mTlQ5ULuAMl3sk
	D39IxRFQDK8WYx7APHQCj1qm1EKhqnrOpfX0Nif0Ox/+YdwfFs76A+I/H8lLSU2wFwzd
	JZ29xfchg3T25UWz8r/IZnEpH2HiV9V5093GHncAwc00ZCEMKTTwEdj2Fr5N/xUVzEth
	8KUw==
MIME-Version: 1.0
X-Received: by 10.221.20.199 with SMTP id qp7mr22460151vcb.24.1401123802702;
	Mon, 26 May 2014 10:03:22 -0700 (PDT)
Received: by 10.58.202.99 with HTTP; Mon, 26 May 2014 10:03:22 -0700 (PDT)
In-Reply-To: <1A49489C-DB11-4F34-AF4B-DF82FECE4075@cs.usfca.edu>
References: <CALcybBAda4wdPe605tah+4JJDj5PPgjdrG1v3f=9VfjtyDHRXg@mail.gmail.com>
	<537B221A.7020205@uwaterloo.ca> <537F5FE9.50403@cpanel.net>
	<537F63B6.3060807@uwaterloo.ca>
	<CAE2XoE8OawWr-UOFbZg9ypUUp-QhGUmft7H0UA=Wy=ZjqwrYNQ@mail.gmail.com>
	<53826995.2080609@uwaterloo.ca>
	<CAE2XoE9VqiYvE_qt3MUWnwmbx3+KeWM2noht-boojAcBLkScWA@mail.gmail.com>
	<53833886.40308@uwaterloo.ca>
	<1A49489C-DB11-4F34-AF4B-DF82FECE4075@cs.usfca.edu>
Date: Mon, 26 May 2014 14:03:22 -0300
Message-ID: <CALgdO_zpEe5HeyF0oSvi3r+F4FGNMwZGCsRgaSe_LWEdDHo5BQ@mail.gmail.com>
From: =?UTF-8?Q?S=C3=A9rgio_Medeiros?= <sqmedeiros@gmail.com>
{ =?UTF-8?Q?S=C3=A9rgio_Medeiros?= <sqmedeiros@gmail.com>}
To: Terence Parr <parrt@cs.usfca.edu>
{ Terence Parr <parrt@cs.usfca.edu>}
Cc: PEG <peg@lists.csail.mit.edu>
Subject: Re: [PEG] error handling in PEGs
{ Re: [PEG] error handling in PEGs}
X-BeenThere: peg@lists.csail.mit.edu
X-Mailman-Version: 2.1.13
Precedence: list
List-Id: Parsing Expression Grammars <peg.lists.csail.mit.edu>
List-Unsubscribe: <https://lists.csail.mit.edu/mailman/options/peg>,
	<mailto:peg-request@lists.csail.mit.edu?subject=unsubscribe>
List-Archive: <https://lists.csail.mit.edu/pipermail/peg>
List-Post: <mailto:peg@lists.csail.mit.edu>
List-Help: <mailto:peg-request@lists.csail.mit.edu?subject=help>
List-Subscribe: <https://lists.csail.mit.edu/mailman/listinfo/peg>,
	<mailto:peg-request@lists.csail.mit.edu?subject=subscribe>
Content-Type: text/plain; charset="utf-8"
Content-Transfer-Encoding: base64
Sender: peg-bounces@lists.csail.mit.edu
Errors-To: peg-bounces@lists.csail.mit.edu
{On Mon, May 26, 2014 at 12:30 PM, Terence Parr <parrt@cs.usfca.edu> wrote:
> Hi. Just curious. Has anyone figured }
{out how to get good error reporting and recovery in PEGs?}
{ I.e., competitive with deterministic parsers?

There is }
{this paper about error reporting in PEGs:
http://www.inf.}
{puc-rio.br/~roberto/docs/sblp2013-1.pdf

An extended vers}
{ion of this paper was submitted
to a journal. I will put }
{this extended version on
arXiv this week and will send th}
{e link when available.

SÃ©rgio

________________________}
{_______________________
PEG mailing list
PEG@lists.csail.}
{mit.edu
https://lists.csail.mit.edu/mailman/listinfo/peg
}

T24gTW9uLCBNYXkgMjYsIDIwMTQgYXQgMTI6MzAgUE0sIFRlcmVuY2UgUGFyciA8cGFycnRAY3Mu
dXNmY2EuZWR1PiB3cm90ZToKPiBIaS4gSnVzdCBjdXJpb3VzLiBIYXMgYW55b25lIGZpZ3VyZWQg
b3V0IGhvdyB0byBnZXQgZ29vZCBlcnJvciByZXBvcnRpbmcgYW5kIHJlY292ZXJ5IGluIFBFR3M/
IEkuZS4sIGNvbXBldGl0aXZlIHdpdGggZGV0ZXJtaW5pc3RpYyBwYXJzZXJzPwoKVGhlcmUgaXMg
dGhpcyBwYXBlciBhYm91dCBlcnJvciByZXBvcnRpbmcgaW4gUEVHczoKaHR0cDovL3d3dy5pbmYu
cHVjLXJpby5ici9+cm9iZXJ0by9kb2NzL3NibHAyMDEzLTEucGRmCgpBbiBleHRlbmRlZCB2ZXJz
aW9uIG9mIHRoaXMgcGFwZXIgd2FzIHN1Ym1pdHRlZAp0byBhIGpvdXJuYWwuIEkgd2lsbCBwdXQg
dGhpcyBleHRlbmRlZCB2ZXJzaW9uIG9uCmFyWGl2IHRoaXMgd2VlayBhbmQgd2lsbCBzZW5kIHRo
ZSBsaW5rIHdoZW4gYXZhaWxhYmxlLgoKU8OpcmdpbwoKX19fX19fX19fX19fX19fX19fX19fX19f
X19fX19fX19fX19fX19fX19fX19fX18KUEVHIG1haWxpbmcgbGlzdApQRUdAbGlzdHMuY3NhaWwu
bWl0LmVkdQpodHRwczovL2xpc3RzLmNzYWlsLm1pdC5lZHUvbWFpbG1hbi9saXN0aW5mby9wZWcK
