{ New sign-in from Chrome on Linux}
{ Google <no-reply@accounts.google.com>}
{ toby@paccrat.org}
{--20cf301b679d35586305196355ad}
{Content-Type: multipart/alternative; boundary cf301b679d35586005196355ac}
{--20cf301b679d35586005196355ac}
{Content-Type: text/plain; charset=ISO-8859-1; format=flowed; delsp=yes}
{New sign-in from Chrome on LinuxHi Toby,Your Google Account}
{toby1851@gmail.com was just used to sign in from Chrome on Linux.Toby}
{Goodwin}
{toby1851@gmail.comLinux}
{Friday, 26 June 2015 04:28 (British Summer Time)}
{Harlow, UK*}
{Chrome*Don't recognise this activity?*}
{Review your recently used devices}
{<https://accounts.google.com/AccountChooser?Email=toby1851@gmail.com&continue=https://security.google.com/settings/security/activity/nt/1435289287000?rfn%3D31>}
{now.}
{Why are we sending this? We take security very seriously and we want to}
{keep you in the loop on important actions in your account.}
{We were unable to determine whether you have used this browser or device}
{with your account before. This can happen when you sign in for the first}
{time on a new computer, phone or browser, when you use your browser's}
{incognito or private browsing mode or clear your cookies or when somebody}
{else is accessing your account.Best,}
{The Google Accounts team*The location is approximate and determined by the}
{IP address it was coming from.}
{This email can't receive replies. To give us feedback on this alert, click}
{here}
{<https://support.google.com/accounts/contact/device_alert_feedback?hl=en-GB>}
{.}
{For more information, visit the Google Accounts Help Centre}
{<https://support.google.com/accounts/answer/2733203>.}
{If toby1851@gmail.com isn't your Google Account, click here}
{<https://accounts.google.com/AccountDisavow?adt=AOX8kioiYuDY9e_qmzmY_nmVgUp_9ceCLwK-iQj8hQBuXy8Xoodo2mcLQ2am>}
{to disconnect your email address from this account.You received this}
{mandatory email service announcement to update you about important changes}
{to your Google product or account.}
{(c) 2015 Google Inc., 1600 Amphitheatre Parkway, Mountain View, CA 94043, USA}
{--20cf301b679d35586005196355ac}
{Content-Type: text/html; charset=ISO-8859-1}
{Content-Transfer-Encoding: quoted-printable}
{<html lang="en-GB"><body style="margin: 0; padding: 0;" bgcolor="#FFFFFF"><table width="100%" height="100%" style="min-width: 348px;" border="0" cellspacing="0" cellpadding="0"><tr height="32px"></tr><tr align="center"><td width="32px"></td><td><table border="0" cellspacing="0" cellpadding="0" style="max-width: 600px;"><tr><td><table width="100%" border="0" cellspacing="0" cellpadding="0"><tr><td align="left"><img width="92px" height="32px" src="cid:google_logo" style="display: block;"></td><td align="right"><img width="32px" height="32px" style="display: block;" src="cid:keyhole"></td></tr></table></td></tr><tr height="16"></tr><tr><td><table bgcolor="#4184F3" width="100%" border="0" cellspacing="0" cellpadding="0" style="min-width: 332px; max-width: 600px; border: 1px solid #E0E0E0; border-bottom: 0; border-top-left-radius: 3px; border-top-right-radius: 3px;"><tr><td height="72px" colspan="3"></td></tr><tr><td width="32px"></td><td style="font-family: Roboto-Regular,Helvetica,Arial,sans-serif; font-size: 24px; color: #FFFFFF; line-height: 1.25;">New sign-in from Chrome on Linux</td><td width="32px"></td></tr><tr><td height="18px" colspan="3"></td></tr></table></td></tr><tr><td><table bgcolor="#FAFAFA" width="100%" border="0" cellspacing="0" cellpadding="0" style="min-width: 332px; max-width: 600px; border: 1px solid #F0F0F0; border-bottom: 1px solid #C0C0C0; border-top: 0; border-bottom-left-radius: 3px; border-bottom-right-radius: 3px;"><tr height="16px"><td width="32px" rowspan="3"></td><td></td><td width="32px" rowspan="3"></td></tr><tr><td><table style="min-width: 300px;" border="0" cellspacing="0" cellpadding="0"><tr><td style="font-family: Roboto-Regular,Helvetica,Arial,sans-serif; font-size: 13px; color: #202020; line-height: 1.5;">Hi Toby,</td></tr><tr><td style="font-family: Roboto-Regular,Helvetica,Arial,sans-serif; font-size: 13px; color: #202020; line-height: 1.5;">Your Google Account toby1851@gmail.com was just used to sign in from <span style="white-space:nowrap;">Chrome</span> on <span style="white-space:nowrap;">Linux</span>.<table border="0" cellspacing="0" cellpadding="0" style="margin-top: 48px; margin-bottom: 48px;"><tr valign="middle"><td width="32px" ></td><td align="center" ><img src="cid:profilephoto" width="48px" height="48px" style="display: block; border-radius: 50%;"></td><td width="16px" ></td><td style="line-height: 1;"><span style="font-family: Roboto-Regular,Helvetica,Arial,sans-serif;font-size: 20px; color: #202020;">Toby Goodwin</span><br><span style="font-family: Roboto-Regular,Helvetica,Arial,sans-serif;font-size: 13px; color: #727272;">toby1851@gmail.com</span></td></tr><tr valign="middle"><td width="32px" height="24px"></td><td align="center" height="24px"><img src="cid:down_arrow" width="4px" height="10px" style="display: block; "></td></tr><tr valign="top"><td width="32px" ></td><td align="center" ><img src="cid:linux" width="48px" height="48px" style="display: block; "></td><td width="16px" ></td><td style="line-height: 1.5;"><span style="font-family: Roboto-Regular,Helvetica,Arial,sans-serif; font-size: 16px; color: #202020;">Linux</span><br><span style="font-family: Roboto-Regular,Helvetica,Arial,sans-serif; font-size: 13px; color: #727272;">Friday, 26 June 2015 04:28 (British Summer Time)<br>Harlow, UK*<br>Chrome</span></td></tr></table><b>Don't recognise this activity?</b><br>Review your <a href="https://accounts.google.com/AccountChooser?Email=toby1851@gmail.com&amp;continue=https://security.google.com/settings/security/activity/nt/1435289287000?rfn%3D31" style="text-decoration: none; color: #4285F4;" target="_blank">recently used devices</a> now.<br><br>Why are we sending this? We take security very seriously and we want to keep you in the loop on important actions in your account.<br>We were unable to determine whether you have used this browser or device with your account before. This can happen when you sign in for the first time on a new computer, phone or browser, when you use your browser&rsquo;s incognito or private browsing mode or clear your cookies or when somebody else is accessing your account.</td></tr><tr height="32px"></tr><tr><td style="font-family: Roboto-Regular,Helvetica,Arial,sans-serif; font-size: 13px; color: #202020; line-height: 1.5;">Best,<br>The Google Accounts team</td></tr><tr height="16px"></tr><tr><td style="font-family: Roboto-Regular,Helvetica,Arial,sans-serif; font-size: 12px; color: #B9B9B9; line-height: 1.5;">*The location is approximate and determined by the IP address it was coming from.<br>This email can't receive replies. To give us feedback on this alert, <a href="https://support.google.com/accounts/contact/device_alert_feedback?hl=en-GB" style="text-decoration: none; color: #4285F4;" target="_blank">click here</a>.<br>For more information, visit the <a href="https://support.google.com/accounts/answer/2733203" style="text-decoration: none; color: #4285F4;" target="_blank">Google Accounts Help Centre</a>.<br><br>If toby1851@gmail.com isn't your Google Account, <a href="https://accounts.google.com/AccountDisavow?adt=AOX8kioiYuDY9e_qmzmY_nmVgUp_9ceCLwK-iQj8hQBuXy8Xoodo2mcLQ2am" style="text-decoration: none; color: #4285F4;" target="_blank">click here</a> to disconnect your email address from this account.</td></tr></table></td></tr><tr height="32px"></tr></table></td></tr><tr height="16"></tr><tr><td style="max-width: 600px; font-family: Roboto-Regular,Helvetica,Arial,sans-serif; font-size: 10px; color: #BCBCBC; line-height: 1.5;">You received this mandatory email service announcement to update you about important changes to your Google product or account.<br><div style="direction: ltr; text-align: left">&copy; 2015 Google Inc., 1600 Amphitheatre Parkway, Mountain View, CA 94043, USA</div></td></tr></table></td><td width="32px"></td></tr><tr height="32px"></tr></table></body></html>}
{--20cf301b679d35586005196355ac--}
{--20cf301b679d35586305196355ad}
{Content-Type: image/jpeg; name="profilephoto.jpeg"}
{Content-Disposition: INLINE}
{Content-Transfer-Encoding: base64}
{Content-ID: <profilephoto>}
{--20cf301b679d35586305196355ad}
{Content-Type: image/png; name="linux.png"}
{Content-Disposition: INLINE}
{Content-Transfer-Encoding: base64}
{Content-ID: <linux>}
{--20cf301b679d35586305196355ad}
{Content-Type: image/png; name="google_logo.png"}
{Content-Disposition: INLINE}
{Content-Transfer-Encoding: base64}
{Content-ID: <google_logo>}
{--20cf301b679d35586305196355ad}
{Content-Type: image/png; name="keyhole.png"}
{Content-Disposition: INLINE}
{Content-Transfer-Encoding: base64}
{Content-ID: <keyhole>}
{--20cf301b679d35586305196355ad}
{Content-Type: image/png; name="down_arrow.png"}
{Content-Disposition: INLINE}
{Content-Transfer-Encoding: base64}
{Content-ID: <down_arrow>}
{--20cf301b679d35586305196355ad--}
