{ <jnoaooyou@bsnl.in>}
{ jnoaooyou@bsnl.in}
{ Mrs. Helen-elizabeth Gutoski <jnoaooyou@bsnl.in>}
{ <info@paccrat.org>}
{ Gorgeous ladies don't notice you?}
{<div><font size="4"  face="Tahoma">Excus͠e m̀e  pussy f#cֻker :{}<br/>i need a hot stu̱d to f̪~c̈k me so h@rd i ca٘n't walk !! i'm 29/f with huge t̄%ts. let's ma̋k͂eơuٛt..<br/>My screenname is <b>Heَlen-elizab֠eth93</b> :{}<br/>My pŕofile iٌs heͦrٕeͅ: <a href="http://Helen-elizabethgic.NewAffairRequest.ru">http://Helen-elizabethgic.NewAffairRequest.ru</a><br/> Welcomeٚ!</font></div>}
