{ foo}
{We want to check that we can start a line with the word}
{from or even a blank line followed by}
{from me to you, and all is well.}
{>From of course is escaped like so}
{And that's all!}
{usfca.edu> wrote:
> Hi. Just curious. Has anyone figured }
