{On Mon, May 26, 2014 at 12:30 PM, Terence Parr <parrt@cs.}
{usfca.edu> wrote:
> Hi. Just curious. Has anyone figured }
{that line was b64 encoded, but this one isn't}
