{ âœ‰ New message from ncrbrts}
{this is the body}
