{ yes Just Â£5! this is valid}
{this is the body}
