{ Brandon Allbery <allbery.b@gmail.com>}
{ Stefan Reich <stefan.reich.maker.of.eye@googlemail.com>}
{ Re: [Haskell-cafe] You know, I am tired of it.}
{--==============c99108990683202000=Content-Type: multipart/alternative; boundary=f46d0438903b42fcdf051a4c8396}
{--f46d0438903b42fcdf051a4c8396}
{Content-Type: text/plain; charset=UTF-8}
{On Tue, Jul 7, 2015 at 1:39 PM, Stefan Reich <}
{stefan.reich.maker.of.eye@googlemail.com> wrote:}
{> Whatever "community" I go, they all pretend like their old shit is SO}
{> important.}
{>}
{I assume you've never had to support anyone but yourself, then.}
{-- }
{brandon s allbery kf8nh                               sine nomine associates}
{allbery.b@gmail.com                                  ballbery@sinenomine.net}
{unix, openafs, kerberos, infrastructure, xmonad        http://sinenomine.net}
{--f46d0438903b42fcdf051a4c8396}
{Content-Type: text/html; charset=UTF-8}
{Content-Transfer-Encoding: quoted-printable}
{<div dir="ltr"><div class="gmail_extra"><div class="gmail_quote">On Tue, Jul 7, 2015 at 1:39 PM, Stefan Reich <span dir="ltr">&lt;<a href="mailto:stefan.reich.maker.of.eye@googlemail.com" target="_blank">stefan.reich.maker.of.eye@googlemail.com</a>&gt;</span> wrote:<br><blockquote class="gmail_quote" style="margin:0 0 0 .8ex;border-left:1px #ccc solid;padding-left:1ex"><div dir="ltr">Whatever &quot;community&quot; I go, they all pretend like their old shit is SO important.<br></div>}
{</blockquote></div><div class="gmail_extra"><br></div>I assume you've never had to support anyone but yourself, then.<br clear="all"><div><br></div>-- <br><div class="gmail_signature"><div dir="ltr"><div>brandon s allbery kf8nh                               sine nomine associates</div><div><a href="mailto:allbery.b@gmail.com" target="_blank">allbery.b@gmail.com</a>                                  <a href="mailto:ballbery@sinenomine.net" target="_blank">ballbery@sinenomine.net</a></div><div>unix, openafs, kerberos, infrastructure, xmonad        <a href="http://sinenomine.net" target="_blank">http://sinenomine.net</a></div></div></div>}
{</div></div>}
{--f46d0438903b42fcdf051a4c8396--}
{--==============c99108990683202000=Content-Type: text/plain; charset="us-ascii"}
{MIME-Version: 1.0}
{Content-Transfer-Encoding: 7bit}
{Content-Disposition: inline}
{_______________________________________________}
{Haskell-Cafe mailing list}
{Haskell-Cafe@haskell.org}
{http://mail.haskell.org/cgi-bin/mailman/listinfo/haskell-cafe}
{--==============c99108990683202000==--}
