Subject: this is the fake header
{ this is the fake header}
{Here is a line of text}
{and another one}

Here is a line of text
and another one
