Dull: header
Subject: interesting header
Date: 1st April 1968

body
